// Jest Snapshot v1, https://goo.gl/fbAQLP

exports[`ButtonSecondary renders correctly 1`] = `
.c0 {
  background-color: var(--primary-dark);
  border: none;
  fill: var(--white);
  font-size: 0.8em;
  padding: 10px;
  height: 100%;
  width: 36px;
}

<button
  class="c0"
>
  <svg>
    x.svg
  </svg>
</button>
`;
