// Jest Snapshot v1, https://goo.gl/fbAQLP

exports[`PrimaryButton renders correctly 1`] = `
.c0 {
  background-color: transparent;
  border: var(--primary-dark) 2px solid;
  color: var(--primary-dark);
  font-size: 0.8em;
  padding: 6px;
  width: 100%;
}

.c0:disabled {
  opacity: 50%;
}

<button
  class="c0"
  data-testid="button"
>
  Save this song
</button>
`;

exports[`PrimaryButton renders correctly 2`] = `
<button
  class="PrimaryButton__ButtonStyled-sc-1jodd37-0 lQVev"
  data-testid="button"
  disabled=""
>
  Save this song
</button>
`;
