// Jest Snapshot v1, https://goo.gl/fbAQLP

exports[`ArtistPage renders correctly 1`] = `
.c5 {
  background-color: transparent;
  border: var(--primary-dark) 2px solid;
  fill: var(--primary-dark);
  height: 46px;
  padding: 10px;
  width: 46px;
}

.c7 {
  background-color: transparent;
  border: var(--primary-dark) 2px solid;
  color: var(--primary-dark);
  font-size: 0.8em;
  padding: 6px;
  width: 100%;
}

.c7:disabled {
  opacity: 50%;
}

.c0 {
  display: grid;
  gap: 8px;
  list-style: none;
  margin: 0;
  padding: 0;
}

.c1 {
  background-color: var(--primary-light);
  display: grid;
  grid-template-columns: 80% auto;
  grid-template-rows: 1fr 1fr 2fr;
  padding: 20px;
}

.c2 {
  display: block;
  font-size: 75%;
  font-weight: 300;
  padding-bottom: 6px;
  text-transform: uppercase;
}

.c3 {
  color: var(--primary-dark);
  font-size: 1em;
  font-weight: 600;
  grid-column-start: 1;
}

.c4 {
  grid-column-start: 2;
  grid-row: 1/3;
  justify-self: end;
}

.c6 {
  -webkit-align-self: end;
  -ms-flex-item-align: end;
  align-self: end;
  grid-column: 1/3;
}

<ul
  class="c0"
>
  <li
    class="c1"
  >
    <span
      class="c2"
    >
      Unprocessed
    </span>
    <span
      class="c3"
    >
      Real
    </span>
    <div
      class="c4"
    >
      <button
        class="c5"
        data-testid="audio-button"
      >
        <svg
          title="play"
        >
          play.svg
        </svg>
      </button>
    </div>
    <div
      class="c6"
    >
      <button
        class="c7"
        data-testid="button"
      >
        Save this song
      </button>
    </div>
  </li>
</ul>
`;
