// Jest Snapshot v1, https://goo.gl/fbAQLP

exports[`SavedSong renders correctly 1`] = `
.c6 {
  background-color: transparent;
  border: var(--primary-dark) 2px solid;
  fill: var(--primary-dark);
  height: 46px;
  padding: 10px;
  width: 46px;
}

.c2 {
  background-color: var(--primary-dark);
  border: none;
  fill: var(--white);
  font-size: 0.8em;
  padding: 10px;
  height: 100%;
  width: 36px;
}

.c0 {
  background-color: var(--primary-light);
  display: grid;
  -webkit-column-gap: 14px;
  column-gap: 14px;
  grid-template-columns: 36px auto 46px;
  grid-template-rows: 1fr 1fr;
  padding: 20px;
}

.c1 {
  grid-row: 1/3;
  grid-column-start: 1;
}

.c3 {
  display: block;
  font-size: 75%;
  font-weight: 300;
  padding-bottom: 6px;
  text-transform: uppercase;
  grid-column-start: 2;
}

.c4 {
  color: var(--primary-dark);
  font-size: 1em;
  font-weight: 600;
  grid-column-start: 2;
}

.c5 {
  grid-column-start: 3;
  grid-row: 1/3;
  justify-self: end;
}

<li
  class="c0"
>
  <div
    class="c1"
  >
    <button
      class="c2"
      data-testid="x-button"
      id="a"
    >
      <svg>
        x.svg
      </svg>
    </button>
  </div>
  <span
    class="c3"
  >
    Unprocessed
  </span>
  <span
    class="c4"
  >
    Real
  </span>
  <div
    class="c5"
  >
    <button
      class="c6"
      data-testid="audio-button"
    >
      <svg
        title="play"
      >
        play.svg
      </svg>
    </button>
  </div>
</li>
`;
